// Jest Snapshot v1, https://goo.gl/fbAQLP

exports[`App Components Test app matches snapshot 1`] = `
<h1
  style={
    Object {
      "color": "#ffffff",
      "fontSize": "12em",
      "textAlign": "center",
    }
  }
>
  Hello World
</h1>
`;
